{
    "@context": {
        "@language": "en",
        "@vocab": "https://schema.org/",
        "citeAs": "cr:citeAs",
        "column": "cr:column",
        "conformsTo": "dct:conformsTo",
        "cr": "http://mlcommons.org/croissant/",
        "rai": "http://mlcommons.org/croissant/RAI/",
        "data": {
            "@id": "cr:data",
            "@type": "@json"
        },
        "dataType": {
            "@id": "cr:dataType",
            "@type": "@vocab"
        },
        "dct": "http://purl.org/dc/terms/",
        "examples": {
            "@id": "cr:examples",
            "@type": "@json"
        },
        "extract": "cr:extract",
        "field": "cr:field",
        "fileProperty": "cr:fileProperty",
        "fileObject": "cr:fileObject",
        "fileSet": "cr:fileSet",
        "format": "cr:format",
        "includes": "cr:includes",
        "isLiveDataset": "cr:isLiveDataset",
        "jsonPath": "cr:jsonPath",
        "key": "cr:key",
        "md5": "cr:md5",
        "parentField": "cr:parentField",
        "path": "cr:path",
        "recordSet": "cr:recordSet",
        "references": "cr:references",
        "regex": "cr:regex",
        "repeated": "cr:repeated",
        "replace": "cr:replace",
        "sc": "https://schema.org/",
        "separator": "cr:separator",
        "source": "cr:source",
        "subField": "cr:subField",
        "transform": "cr:transform",
        "wd": "https://www.wikidata.org/wiki/"
    },
    "@type": "sc:Dataset",
    "conformsTo": "http://mlcommons.org/croissant/1.0",
    "name": "Minimal",
    "creator": [
        {
            "@type": "Person",
            "givenName": "Philip",
            "familyName": "Durbin",
            "name": "Durbin, Philip"
        }
    ],
    "description": "Minimal metadata and no files.",
    "keywords": [
        "Other"
    ],
    "license": "http://creativecommons.org/publicdomain/zero/1.0",
    "datePublished": "2024-05-01",
    "dateModified": "2024-05-01",
    "includedInDataCatalog": {
        "@type": "DataCatalog",
        "name": "Root",
        "url": "https://beta.dataverse.org"
    },
    "publisher": {
        "@type": "Organization",
        "name": "Root"
    },
    "version": "1.0.0",
    "citeAs": "@data{FK2/4C0JYC_2024,author = {Durbin, Philip},publisher = {Root},title = {Minimal},year = {2024},url = {https://doi.org/10.5072/FK2/4C0JYC}}"
}
