{
    "@context": {
        "@language": "en",
        "@vocab": "https://schema.org/",
        "citeAs": "cr:citeAs",
        "column": "cr:column",
        "conformsTo": "dct:conformsTo",
        "cr": "http://mlcommons.org/croissant/",
        "rai": "http://mlcommons.org/croissant/RAI/",
        "data": {
            "@id": "cr:data",
            "@type": "@json"
        },
        "dataType": {
            "@id": "cr:dataType",
            "@type": "@vocab"
        },
        "dct": "http://purl.org/dc/terms/",
        "examples": {
            "@id": "cr:examples",
            "@type": "@json"
        },
        "extract": "cr:extract",
        "field": "cr:field",
        "fileProperty": "cr:fileProperty",
        "fileObject": "cr:fileObject",
        "fileSet": "cr:fileSet",
        "format": "cr:format",
        "includes": "cr:includes",
        "isLiveDataset": "cr:isLiveDataset",
        "jsonPath": "cr:jsonPath",
        "key": "cr:key",
        "md5": "cr:md5",
        "parentField": "cr:parentField",
        "path": "cr:path",
        "recordSet": "cr:recordSet",
        "references": "cr:references",
        "regex": "cr:regex",
        "repeated": "cr:repeated",
        "replace": "cr:replace",
        "sc": "https://schema.org/",
        "separator": "cr:separator",
        "source": "cr:source",
        "subField": "cr:subField",
        "transform": "cr:transform",
        "wd": "https://www.wikidata.org/wiki/"
    },
    "@type": "sc:Dataset",
    "conformsTo": "http://mlcommons.org/croissant/1.0",
    "name": "Cars",
    "url": "https://doi.org/10.5072/FK2/6ZUDGC",
    "creator": [
        {
            "@type": "Person",
            "givenName": "Philip",
            "familyName": "Durbin",
            "affiliation": {
                "@type": "Organization",
                "name": "Harvard"
            },
            "name": "Durbin, Philip"
        }
    ],
    "description": "This dataset is about cars.",
    "keywords": [
        "Other"
    ],
    "license": "http://creativecommons.org/publicdomain/zero/1.0",
    "datePublished": "2024-03-20",
    "dateModified": "2024-03-20",
    "includedInDataCatalog": {
        "@type": "DataCatalog",
        "name": "Root",
        "url": "http://localhost:8080"
    },
    "publisher": {
        "@type": "Organization",
        "name": "Root"
    },
    "version": "1.0",
    "citeAs": "@data{FK2/6ZUDGC_2024,author = {Durbin, Philip},publisher = {Root},title = {Cars},year = {2024},url = {https://doi.org/10.5072/FK2/6ZUDGC}}",
    "distribution": [
        {
            "@type": "cr:FileObject",
            "@id": "code/compute.py",
            "name": "compute.py",
            "encodingFormat": "text/x-python",
            "md5": "d84985e94dde671f318076bd7a137f15",
            "contentSize": "15",
            "description": "",
            "contentUrl": "http://localhost:8080/api/access/datafile/4"
        },
        {
            "@type": "cr:FileObject",
            "@id": "doc/README.md",
            "name": "README.md",
            "encodingFormat": "text/markdown",
            "md5": "a2e484d07ee5590cc32182dc2c6ccc83",
            "contentSize": "28",
            "description": "",
            "contentUrl": "http://localhost:8080/api/access/datafile/5"
        },
        {
            "@type": "cr:FileObject",
            "@id": "data/stata13-auto.dta",
            "name": "stata13-auto.dta",
            "encodingFormat": "application/x-stata-13",
            "md5": "7b1201ce6b469796837a835377338c5a",
            "contentSize": "6443",
            "description": "",
            "contentUrl": "http://localhost:8080/api/access/datafile/6?format=original"
        }
    ],
    "recordSet": [
        {
            "@type": "cr:RecordSet",
            "field": [
                {
                    "@type": "cr:Field",
                    "name": "make",
                    "description": "Make and Model",
                    "dataType": "sc:Text",
                    "source": {
                        "@id": "11",
                        "fileObject": {
                            "@id": "data/stata13-auto.dta"
                        }
                    }
                }
            ]
        },
        {
            "@type": "cr:RecordSet",
            "field": [
                {
                    "@type": "cr:Field",
                    "name": "price",
                    "description": "Price",
                    "dataType": "sc:Integer",
                    "source": {
                        "@id": "5",
                        "fileObject": {
                            "@id": "data/stata13-auto.dta"
                        }
                    }
                }
            ]
        },
        {
            "@type": "cr:RecordSet",
            "field": [
                {
                    "@type": "cr:Field",
                    "name": "mpg",
                    "description": "Mileage (mpg)",
                    "dataType": "sc:Integer",
                    "source": {
                        "@id": "6",
                        "fileObject": {
                            "@id": "data/stata13-auto.dta"
                        }
                    }
                }
            ]
        },
        {
            "@type": "cr:RecordSet",
            "field": [
                {
                    "@type": "cr:Field",
                    "name": "rep78",
                    "description": "Repair Record 1978",
                    "dataType": "sc:Integer",
                    "source": {
                        "@id": "4",
                        "fileObject": {
                            "@id": "data/stata13-auto.dta"
                        }
                    }
                }
            ]
        },
        {
            "@type": "cr:RecordSet",
            "field": [
                {
                    "@type": "cr:Field",
                    "name": "headroom",
                    "description": "Headroom (in.)",
                    "dataType": "sc:Integer",
                    "source": {
                        "@id": "7",
                        "fileObject": {
                            "@id": "data/stata13-auto.dta"
                        }
                    }
                }
            ]
        },
        {
            "@type": "cr:RecordSet",
            "field": [
                {
                    "@type": "cr:Field",
                    "name": "trunk",
                    "description": "Trunk space (cu. ft.)",
                    "dataType": "sc:Integer",
                    "source": {
                        "@id": "9",
                        "fileObject": {
                            "@id": "data/stata13-auto.dta"
                        }
                    }
                }
            ]
        },
        {
            "@type": "cr:RecordSet",
            "field": [
                {
                    "@type": "cr:Field",
                    "name": "weight",
                    "description": "Weight (lbs.)",
                    "dataType": "sc:Integer",
                    "source": {
                        "@id": "10",
                        "fileObject": {
                            "@id": "data/stata13-auto.dta"
                        }
                    }
                }
            ]
        },
        {
            "@type": "cr:RecordSet",
            "field": [
                {
                    "@type": "cr:Field",
                    "name": "length",
                    "description": "Length (in.)",
                    "dataType": "sc:Integer",
                    "source": {
                        "@id": "3",
                        "fileObject": {
                            "@id": "data/stata13-auto.dta"
                        }
                    }
                }
            ]
        },
        {
            "@type": "cr:RecordSet",
            "field": [
                {
                    "@type": "cr:Field",
                    "name": "turn",
                    "description": "Turn Circle (ft.) ",
                    "dataType": "sc:Integer",
                    "source": {
                        "@id": "2",
                        "fileObject": {
                            "@id": "data/stata13-auto.dta"
                        }
                    }
                }
            ]
        },
        {
            "@type": "cr:RecordSet",
            "field": [
                {
                    "@type": "cr:Field",
                    "name": "displacement",
                    "description": "Displacement (cu. in.)",
                    "dataType": "sc:Integer",
                    "source": {
                        "@id": "1",
                        "fileObject": {
                            "@id": "data/stata13-auto.dta"
                        }
                    }
                }
            ]
        },
        {
            "@type": "cr:RecordSet",
            "field": [
                {
                    "@type": "cr:Field",
                    "name": "gear_ratio",
                    "description": "Gear Ratio",
                    "dataType": "sc:Integer",
                    "source": {
                        "@id": "8",
                        "fileObject": {
                            "@id": "data/stata13-auto.dta"
                        }
                    }
                }
            ]
        },
        {
            "@type": "cr:RecordSet",
            "field": [
                {
                    "@type": "cr:Field",
                    "name": "foreign",
                    "description": "Car type",
                    "dataType": "sc:Integer",
                    "source": {
                        "@id": "12",
                        "fileObject": {
                            "@id": "data/stata13-auto.dta"
                        }
                    }
                }
            ]
        }
    ]
}